// Jest Snapshot v1, https://goo.gl/fbAQLP

exports[`SystemMessageHandler lifecycle methods should call showSnackbar and resetError if systemMessage changed in componentDidUpdate 1`] = `
[MockFunction] {
  "calls": Array [
    Array [
      Object {
        "type": "RESET_SYSTEM_MESSAGE",
      },
    ],
  ],
  "results": Array [
    Object {
      "isThrow": false,
      "value": undefined,
    },
  ],
}
`;

exports[`SystemMessageHandler methods should handle resetError 1`] = `
[MockFunction] {
  "calls": Array [
    Array [
      Object {
        "type": "RESET_SYSTEM_MESSAGE",
      },
    ],
  ],
  "results": Array [
    Object {
      "isThrow": false,
      "value": undefined,
    },
  ],
}
`;

exports[`SystemMessageHandler renders renders 1`] = `<View />`;
