// Jest Snapshot v1, https://goo.gl/fbAQLP

exports[`handles its methods catches errors in componentDidCatch 1`] = `
[MockFunction] {
  "calls": Array [
    Array [
      Object {
        "payload": Object {
          "error": [Error: Error thrown from problem child],
          "uid": undefined,
        },
        "type": "logError",
      },
    ],
  ],
  "results": Array [
    Object {
      "isThrow": false,
      "value": undefined,
    },
  ],
}
`;

exports[`handles props renders with all props 1`] = `<View />`;

exports[`handles props renders with minimum required props 1`] = `<View />`;
