// Jest Snapshot v1, https://goo.gl/fbAQLP

exports[`AuthHandler calls getAuth on componentDidMount 1`] = `
[MockFunction] {
  "calls": Array [
    Array [
      Object {
        "type": "getAuth",
      },
    ],
  ],
  "results": Array [
    Object {
      "isThrow": false,
      "value": undefined,
    },
  ],
}
`;

exports[`AuthHandler renders with all/minimum required props 1`] = `null`;
