// Jest Snapshot v1, https://goo.gl/fbAQLP

exports[`BuildStatus renders renders with minimum required props 1`] = `
<View
  style={
    Object {
      "flexDirection": "row",
      "justifyContent": "center",
    }
  }
>
  <Text
    accessible={true}
    allowFontScaling={true}
    ellipsizeMode="tail"
    style={Object {}}
  >
    <Text
      accessible={true}
      allowFontScaling={true}
      ellipsizeMode="tail"
      style={Object {}}
    >
      Version:
       
    </Text>
    0.0.1 | 
  </Text>
  <Text
    accessible={true}
    allowFontScaling={true}
    ellipsizeMode="tail"
    style={Object {}}
  >
    <Text
      accessible={true}
      allowFontScaling={true}
      ellipsizeMode="tail"
      style={Object {}}
    >
      Build:
       
    </Text>
    1 | 
  </Text>
  <Text
    accessible={true}
    allowFontScaling={true}
    ellipsizeMode="tail"
    style={Object {}}
  >
    <Text
      accessible={true}
      allowFontScaling={true}
      ellipsizeMode="tail"
      style={Object {}}
    >
      Code:
       
    </Text>
    1
  </Text>
</View>
`;
