// Jest Snapshot v1, https://goo.gl/fbAQLP

exports[`BuildStatusRow renders renders 1`] = `
<Text
  accessible={true}
  allowFontScaling={true}
  ellipsizeMode="tail"
  style={Object {}}
>
  <Text
    accessible={true}
    allowFontScaling={true}
    ellipsizeMode="tail"
    style={Object {}}
  >
    Foo
     
  </Text>
  Bar
</Text>
`;
