// Jest Snapshot v1, https://goo.gl/fbAQLP

exports[`ErrorHandler methods should handle logError 1`] = `
[MockFunction] {
  "calls": Array [
    Array [
      Object {
        "payload": Object {
          "error": [Error: foo],
          "uid": undefined,
        },
        "type": "logError",
      },
    ],
  ],
  "results": Array [
    Object {
      "type": "return",
      "value": undefined,
    },
  ],
}
`;

exports[`ErrorHandler renders renders the error state 1`] = `null`;

exports[`ErrorHandler renders renders with minimum required props 1`] = `<View />`;
